./bin/flink run examples/streaming/SocketWindowWordCount.jar --port 9000 --host jobmanager

pipe process to | wc -l in order to catch stderr messages coming through (less will take over the terminal and suppress the error messages)

./snmp_exporter --config.file snmp_auth.yml --web.listen-address :1234 --log.level debug

wget -O /dev/stdout 'http://localhost:1234/snmp?module=switches_cisco_devices&target=core01.net.az1.cust.pdx.wd' | less

tshark -n -i any port 161

rpm2cpio [rpm] | cpio -idmv --no-absolute-filenames

Compile your class(es):
C:\mywork> javac *.java
Create a manifest file and your jar file:
C:\mywork> echo Main-Class: Craps >manifest.txt
C:\mywork> jar cvfm Craps.jar manifest.txt *.class
or
C:\mywork> jar cvfe Craps.jar Craps *.class
Test your jar:
C:\mywork> Craps.jar
or
C:\mywork> java -jar Craps.jar
